// Vitest Snapshot v1, https://vitest.dev/guide/snapshot.html

exports[`useEllipsis > should  1`] = `"<div>NOI is a h...</div>"`;
